// Jest Snapshot v1, https://goo.gl/fbAQLP

exports[`test on GifGrid should show istelf correctly 1`] = `ShallowWrapper {}`;

exports[`test on GifGrid should show itmes after img being uploaded 1`] = `ShallowWrapper {}`;
