// Jest Snapshot v1, https://goo.gl/fbAQLP

exports[`test on gifexpertapp should match the snapshot 1`] = `ShallowWrapper {}`;

exports[`test on gifexpertapp should show the categories 1`] = `ShallowWrapper {}`;
